
==========================================================================
EXPERIMENT 1 -- leaky protocol (augment before split)
==========================================================================

[reason · LEAKY] 457 clips, 221 subjects
    pool: 250/457 clips (9s)
    pool: 9042 patches in 11s {'belly_pain': 1440, 'burping': 720, 'discomfort': 2430, 'hungry': 2292, 'tired': 2160}
  -> cache/reason_leaky.npz  train (5764, 96, 64) val (1017, 96, 64) test (2261, 96, 64)
/Users/dev/Desktop/baby cry/paalna/.venv/lib/python3.11/site-packages/keras/src/trainers/epoch_iterator.py:74: UserWarning: `shuffle=True` was passed, but will be ignored since the data `x` was provided as a tf.data.Dataset. The Dataset is expected to already be shuffled (via `.shuffle(buffer_size)`).
  self.data_adapter = data_adapters.get_data_adapter(

======================================================================
TRAIN reason_leaky   classes=['belly_pain', 'burping', 'discomfort', 'hungry', 'tired']
  train (5764, 96, 64)  val (1017, 96, 64)  test (2261, 96, 64)
  params: 39,749
Epoch 1/60
91/91 - 2s - 27ms/step - acc: 0.3185 - auc: 0.5894 - loss: 1.5624 - val_acc: 0.2429 - val_auc: 0.5000 - val_loss: 1.6032 - learning_rate: 0.0010
Epoch 2/60
91/91 - 2s - 18ms/step - acc: 0.3725 - auc: 0.6542 - loss: 1.4661 - val_acc: 0.2429 - val_auc: 0.5456 - val_loss: 1.6098 - learning_rate: 0.0010
Epoch 3/60
91/91 - 2s - 18ms/step - acc: 0.4122 - auc: 0.6958 - loss: 1.4051 - val_acc: 0.2478 - val_auc: 0.6651 - val_loss: 1.6084 - learning_rate: 0.0010
Epoch 4/60
91/91 - 2s - 18ms/step - acc: 0.4257 - auc: 0.7158 - loss: 1.3729 - val_acc: 0.2694 - val_auc: 0.7286 - val_loss: 1.5753 - learning_rate: 0.0010
Epoch 5/60
91/91 - 2s - 18ms/step - acc: 0.4445 - auc: 0.7351 - loss: 1.3420 - val_acc: 0.3156 - val_auc: 0.7736 - val_loss: 1.4860 - learning_rate: 0.0010
Epoch 6/60
91/91 - 2s - 18ms/step - acc: 0.4620 - auc: 0.7493 - loss: 1.3128 - val_acc: 0.3029 - val_auc: 0.7745 - val_loss: 1.4849 - learning_rate: 0.0010
Epoch 7/60
91/91 - 2s - 18ms/step - acc: 0.4731 - auc: 0.7636 - loss: 1.2897 - val_acc: 0.3982 - val_auc: 0.8054 - val_loss: 1.3317 - learning_rate: 0.0010
Epoch 8/60
91/91 - 2s - 18ms/step - acc: 0.4875 - auc: 0.7758 - loss: 1.2647 - val_acc: 0.4710 - val_auc: 0.8172 - val_loss: 1.2448 - learning_rate: 0.0010
Epoch 9/60
91/91 - 2s - 18ms/step - acc: 0.4807 - auc: 0.7787 - loss: 1.2562 - val_acc: 0.3953 - val_auc: 0.8150 - val_loss: 1.4313 - learning_rate: 0.0010
Epoch 10/60
91/91 - 2s - 18ms/step - acc: 0.5023 - auc: 0.7908 - loss: 1.2333 - val_acc: 0.5192 - val_auc: 0.8332 - val_loss: 1.1617 - learning_rate: 0.0010
Epoch 11/60
91/91 - 2s - 18ms/step - acc: 0.5019 - auc: 0.7936 - loss: 1.2265 - val_acc: 0.5192 - val_auc: 0.8394 - val_loss: 1.1918 - learning_rate: 0.0010
Epoch 12/60
91/91 - 2s - 18ms/step - acc: 0.5154 - auc: 0.8042 - loss: 1.2016 - val_acc: 0.5379 - val_auc: 0.8552 - val_loss: 1.1216 - learning_rate: 0.0010
Epoch 13/60
91/91 - 2s - 18ms/step - acc: 0.5290 - auc: 0.8119 - loss: 1.1834 - val_acc: 0.5123 - val_auc: 0.8504 - val_loss: 1.2026 - learning_rate: 0.0010
Epoch 14/60
91/91 - 2s - 19ms/step - acc: 0.5267 - auc: 0.8099 - loss: 1.1907 - val_acc: 0.5949 - val_auc: 0.8649 - val_loss: 1.1039 - learning_rate: 0.0010
Epoch 15/60
91/91 - 2s - 18ms/step - acc: 0.5420 - auc: 0.8199 - loss: 1.1637 - val_acc: 0.5880 - val_auc: 0.8739 - val_loss: 1.0727 - learning_rate: 0.0010
Epoch 16/60
91/91 - 2s - 18ms/step - acc: 0.5507 - auc: 0.8310 - loss: 1.1375 - val_acc: 0.5349 - val_auc: 0.8612 - val_loss: 1.1649 - learning_rate: 0.0010
Epoch 17/60
91/91 - 2s - 19ms/step - acc: 0.5548 - auc: 0.8308 - loss: 1.1378 - val_acc: 0.5615 - val_auc: 0.8794 - val_loss: 1.1073 - learning_rate: 0.0010
Epoch 18/60
91/91 - 2s - 18ms/step - acc: 0.5453 - auc: 0.8274 - loss: 1.1527 - val_acc: 0.5762 - val_auc: 0.8789 - val_loss: 1.0934 - learning_rate: 0.0010
Epoch 19/60
91/91 - 2s - 18ms/step - acc: 0.5725 - auc: 0.8460 - loss: 1.1012 - val_acc: 0.5280 - val_auc: 0.8748 - val_loss: 1.1587 - learning_rate: 0.0010
Epoch 20/60
91/91 - 2s - 18ms/step - acc: 0.5810 - auc: 0.8462 - loss: 1.0959 - val_acc: 0.5772 - val_auc: 0.8845 - val_loss: 1.0684 - learning_rate: 0.0010
Epoch 21/60
91/91 - 2s - 18ms/step - acc: 0.5828 - auc: 0.8552 - loss: 1.0778 - val_acc: 0.6234 - val_auc: 0.8899 - val_loss: 1.0510 - learning_rate: 0.0010
Epoch 22/60
91/91 - 2s - 19ms/step - acc: 0.5890 - auc: 0.8554 - loss: 1.0768 - val_acc: 0.5644 - val_auc: 0.8861 - val_loss: 1.0927 - learning_rate: 0.0010
Epoch 23/60
91/91 - 2s - 18ms/step - acc: 0.5821 - auc: 0.8552 - loss: 1.0759 - val_acc: 0.5025 - val_auc: 0.8629 - val_loss: 1.3167 - learning_rate: 0.0010
Epoch 24/60
91/91 - 2s - 19ms/step - acc: 0.5883 - auc: 0.8600 - loss: 1.0612 - val_acc: 0.5949 - val_auc: 0.8940 - val_loss: 1.0625 - learning_rate: 0.0010
Epoch 25/60
91/91 - 2s - 18ms/step - acc: 0.5987 - auc: 0.8664 - loss: 1.0415 - val_acc: 0.6726 - val_auc: 0.9133 - val_loss: 0.9438 - learning_rate: 0.0010
Epoch 26/60
91/91 - 2s - 18ms/step - acc: 0.6074 - auc: 0.8678 - loss: 1.0391 - val_acc: 0.5005 - val_auc: 0.8889 - val_loss: 1.1797 - learning_rate: 0.0010
Epoch 27/60
91/91 - 2s - 18ms/step - acc: 0.6079 - auc: 0.8729 - loss: 1.0220 - val_acc: 0.6676 - val_auc: 0.9139 - val_loss: 0.9336 - learning_rate: 0.0010
Epoch 28/60
91/91 - 2s - 18ms/step - acc: 0.6301 - auc: 0.8819 - loss: 0.9977 - val_acc: 0.6323 - val_auc: 0.9103 - val_loss: 1.0124 - learning_rate: 0.0010
Epoch 29/60
91/91 - 2s - 19ms/step - acc: 0.6327 - auc: 0.8825 - loss: 0.9966 - val_acc: 0.6785 - val_auc: 0.9138 - val_loss: 0.9397 - learning_rate: 0.0010
Epoch 30/60
91/91 - 2s - 19ms/step - acc: 0.6312 - auc: 0.8856 - loss: 0.9851 - val_acc: 0.6853 - val_auc: 0.9185 - val_loss: 0.9035 - learning_rate: 0.0010
Epoch 31/60
91/91 - 2s - 18ms/step - acc: 0.6390 - auc: 0.8868 - loss: 0.9818 - val_acc: 0.6588 - val_auc: 0.9119 - val_loss: 0.9682 - learning_rate: 0.0010
Epoch 32/60
91/91 - 2s - 18ms/step - acc: 0.6409 - auc: 0.8903 - loss: 0.9702 - val_acc: 0.6962 - val_auc: 0.9202 - val_loss: 0.9045 - learning_rate: 0.0010
Epoch 33/60
91/91 - 2s - 18ms/step - acc: 0.6464 - auc: 0.8921 - loss: 0.9631 - val_acc: 0.5900 - val_auc: 0.9095 - val_loss: 1.0917 - learning_rate: 0.0010
Epoch 34/60
91/91 - 2s - 18ms/step - acc: 0.6535 - auc: 0.8968 - loss: 0.9487 - val_acc: 0.6912 - val_auc: 0.9232 - val_loss: 0.8909 - learning_rate: 0.0010
Epoch 35/60
91/91 - 2s - 18ms/step - acc: 0.6570 - auc: 0.8961 - loss: 0.9520 - val_acc: 0.6529 - val_auc: 0.9191 - val_loss: 0.9877 - learning_rate: 0.0010
Epoch 36/60
91/91 - 2s - 19ms/step - acc: 0.6667 - auc: 0.9016 - loss: 0.9346 - val_acc: 0.6332 - val_auc: 0.9218 - val_loss: 0.9861 - learning_rate: 0.0010
Epoch 37/60
91/91 - 2s - 18ms/step - acc: 0.6704 - auc: 0.9053 - loss: 0.9211 - val_acc: 0.6608 - val_auc: 0.9184 - val_loss: 0.9756 - learning_rate: 0.0010
Epoch 38/60
91/91 - 2s - 18ms/step - acc: 0.6679 - auc: 0.9044 - loss: 0.9253 - val_acc: 0.6991 - val_auc: 0.9330 - val_loss: 0.8717 - learning_rate: 0.0010
Epoch 39/60
91/91 - 2s - 18ms/step - acc: 0.6787 - auc: 0.9076 - loss: 0.9139 - val_acc: 0.6676 - val_auc: 0.9189 - val_loss: 0.9242 - learning_rate: 0.0010
Epoch 40/60
91/91 - 2s - 18ms/step - acc: 0.6712 - auc: 0.9042 - loss: 0.9253 - val_acc: 0.6755 - val_auc: 0.9208 - val_loss: 0.9494 - learning_rate: 0.0010
Epoch 41/60
91/91 - 2s - 18ms/step - acc: 0.6799 - auc: 0.9099 - loss: 0.9055 - val_acc: 0.6214 - val_auc: 0.9237 - val_loss: 1.0293 - learning_rate: 0.0010
Epoch 42/60
91/91 - 2s - 18ms/step - acc: 0.6940 - auc: 0.9170 - loss: 0.8809 - val_acc: 0.6490 - val_auc: 0.9302 - val_loss: 0.9818 - learning_rate: 0.0010
Epoch 43/60
91/91 - 2s - 18ms/step - acc: 0.6995 - auc: 0.9178 - loss: 0.8756 - val_acc: 0.6785 - val_auc: 0.9312 - val_loss: 0.9471 - learning_rate: 0.0010
Epoch 44/60
91/91 - 2s - 18ms/step - acc: 0.6874 - auc: 0.9147 - loss: 0.8881 - val_acc: 0.7021 - val_auc: 0.9338 - val_loss: 0.9068 - learning_rate: 0.0010
Epoch 45/60
91/91 - 2s - 18ms/step - acc: 0.7002 - auc: 0.9206 - loss: 0.8687 - val_acc: 0.7011 - val_auc: 0.9366 - val_loss: 0.8862 - learning_rate: 0.0010
Epoch 46/60
91/91 - 2s - 18ms/step - acc: 0.7045 - auc: 0.9232 - loss: 0.8578 - val_acc: 0.7089 - val_auc: 0.9344 - val_loss: 0.8696 - learning_rate: 0.0010
Epoch 47/60
91/91 - 2s - 18ms/step - acc: 0.6974 - auc: 0.9218 - loss: 0.8627 - val_acc: 0.6293 - val_auc: 0.9300 - val_loss: 1.0601 - learning_rate: 0.0010
Epoch 48/60
91/91 - 2s - 19ms/step - acc: 0.7082 - auc: 0.9253 - loss: 0.8491 - val_acc: 0.7168 - val_auc: 0.9352 - val_loss: 0.8842 - learning_rate: 0.0010
Epoch 49/60
91/91 - 2s - 19ms/step - acc: 0.7045 - auc: 0.9239 - loss: 0.8538 - val_acc: 0.7178 - val_auc: 0.9423 - val_loss: 0.8363 - learning_rate: 0.0010
Epoch 50/60
91/91 - 2s - 18ms/step - acc: 0.7082 - auc: 0.9245 - loss: 0.8531 - val_acc: 0.7001 - val_auc: 0.9361 - val_loss: 0.8784 - learning_rate: 0.0010
Epoch 51/60
91/91 - 2s - 18ms/step - acc: 0.7273 - auc: 0.9326 - loss: 0.8201 - val_acc: 0.7247 - val_auc: 0.9439 - val_loss: 0.8428 - learning_rate: 0.0010
Epoch 52/60
91/91 - 2s - 18ms/step - acc: 0.7316 - auc: 0.9354 - loss: 0.8079 - val_acc: 0.5870 - val_auc: 0.9234 - val_loss: 1.1350 - learning_rate: 0.0010
Epoch 53/60
91/91 - 2s - 18ms/step - acc: 0.7240 - auc: 0.9317 - loss: 0.8254 - val_acc: 0.7689 - val_auc: 0.9509 - val_loss: 0.7616 - learning_rate: 0.0010
Epoch 54/60
91/91 - 2s - 18ms/step - acc: 0.7347 - auc: 0.9381 - loss: 0.7955 - val_acc: 0.7758 - val_auc: 0.9519 - val_loss: 0.7706 - learning_rate: 0.0010
Epoch 55/60
91/91 - 2s - 18ms/step - acc: 0.7396 - auc: 0.9374 - loss: 0.7999 - val_acc: 0.7414 - val_auc: 0.9461 - val_loss: 0.8181 - learning_rate: 0.0010
Epoch 56/60
91/91 - 2s - 18ms/step - acc: 0.7387 - auc: 0.9364 - loss: 0.8013 - val_acc: 0.6352 - val_auc: 0.9302 - val_loss: 1.0172 - learning_rate: 0.0010
Epoch 57/60
91/91 - 2s - 18ms/step - acc: 0.7379 - auc: 0.9402 - loss: 0.7882 - val_acc: 0.6893 - val_auc: 0.9385 - val_loss: 0.9231 - learning_rate: 0.0010
Epoch 58/60
91/91 - 2s - 18ms/step - acc: 0.7408 - auc: 0.9388 - loss: 0.7933 - val_acc: 0.6834 - val_auc: 0.9457 - val_loss: 0.9088 - learning_rate: 0.0010
Epoch 59/60
91/91 - 2s - 18ms/step - acc: 0.7443 - auc: 0.9420 - loss: 0.7763 - val_acc: 0.7709 - val_auc: 0.9511 - val_loss: 0.7619 - learning_rate: 0.0010
Epoch 60/60

Epoch 60: ReduceLROnPlateau reducing learning rate to 0.0005000000237487257.
91/91 - 2s - 18ms/step - acc: 0.7519 - auc: 0.9433 - loss: 0.7716 - val_acc: 0.7276 - val_auc: 0.9502 - val_loss: 0.8127 - learning_rate: 0.0010
Restoring model weights from the end of the best epoch: 54.
  trained in 100s over 60 epochs

  [val] n=1017
    accuracy        0.7758   (majority baseline 0.2655  ->  +0.5103)
    balanced acc    0.7592
    macro F1        0.7702
    macro AUC       0.9523
    per-class recall: belly_pain=0.58  burping=0.75  discomfort=0.76  hungry=0.96  tired=0.75

  [test] n=2261
    accuracy        0.7541   (majority baseline 0.2724  ->  +0.4816)
    balanced acc    0.7368
    macro F1        0.7429
    macro AUC       0.9532
    per-class recall: belly_pain=0.50  burping=0.75  discomfort=0.71  hungry=0.95  tired=0.78

  -> models/reason_leaky.keras   reports/reason_leaky.json

==========================================================================
EXPERIMENT 2 -- does any coarser grouping survive a subject-wise split?
==========================================================================
/Users/dev/Desktop/baby cry/paalna/.venv/lib/python3.11/site-packages/keras/src/trainers/epoch_iterator.py:74: UserWarning: `shuffle=True` was passed, but will be ignored since the data `x` was provided as a tf.data.Dataset. The Dataset is expected to already be shuffled (via `.shuffle(buffer_size)`).
  self.data_adapter = data_adapters.get_data_adapter(
  five_way           targets=5  AUC 0.431  bal-acc 0.176  F1 0.164   -> at chance
/Users/dev/Desktop/baby cry/paalna/.venv/lib/python3.11/site-packages/keras/src/trainers/epoch_iterator.py:74: UserWarning: `shuffle=True` was passed, but will be ignored since the data `x` was provided as a tf.data.Dataset. The Dataset is expected to already be shuffled (via `.shuffle(buffer_size)`).
  self.data_adapter = data_adapters.get_data_adapter(
  hungry_vs_rest     targets=2  AUC 0.497  bal-acc 0.503  F1 0.499   -> at chance
/Users/dev/Desktop/baby cry/paalna/.venv/lib/python3.11/site-packages/keras/src/trainers/epoch_iterator.py:74: UserWarning: `shuffle=True` was passed, but will be ignored since the data `x` was provided as a tf.data.Dataset. The Dataset is expected to already be shuffled (via `.shuffle(buffer_size)`).
  self.data_adapter = data_adapters.get_data_adapter(
  pain_vs_rest       targets=2  AUC 0.467  bal-acc 0.492  F1 0.481   -> at chance
/Users/dev/Desktop/baby cry/paalna/.venv/lib/python3.11/site-packages/keras/src/trainers/epoch_iterator.py:74: UserWarning: `shuffle=True` was passed, but will be ignored since the data `x` was provided as a tf.data.Dataset. The Dataset is expected to already be shuffled (via `.shuffle(buffer_size)`).
  self.data_adapter = data_adapters.get_data_adapter(
  three_way          targets=3  AUC 0.437  bal-acc 0.327  F1 0.312   -> at chance

==========================================================================
HEADLINE
==========================================================================
  cry DETECTION,  subject-wise split   macro AUC 0.991   acc 0.946
  cry REASON,     leaky split          macro AUC 0.953   acc 0.754
  cry REASON,     subject-wise split   macro AUC 0.444   acc 0.583

  leakage is worth +0.510 macro AUC and +0.171 accuracy on identical data,
  identical features and an identical model. Only the split changed.

  -> reports/ablation.json
