======================================================================
LEGACY PIPELINE  (Why-is-my-Baby-Crying, retrained)  [deployable features]
======================================================================
Initial class distribution:
  belly_pain: 16 samples
  burping: 8 samples
  discomfort: 27 samples
  hungry: 382 samples
  tired: 24 samples
belly_pain data is loading... (augmentation factor 23)
burping data is loading... (augmentation factor 47)
discomfort data is loading... (augmentation factor 14)
hungry data is loading... (augmentation factor 0)
tired data is loading... (augmentation factor 15)

feature matrix (1207, 456), 221 subjects, 750 augmented rows
Training data shape after SMOTE: (1525, 456)

  [clip-wise, as published] n=242
    accuracy        0.9091   (majority 0.3182)
    balanced acc    0.9000
    macro F1        0.9115
    macro AUC       0.9812

  [subject-wise, unseen infants] n=80
    accuracy        0.9750   (majority 0.9250)
    balanced acc    0.8667
    macro F1        0.8973
    macro AUC       0.9413

  [subject-wise, retrained without them] n=80
    accuracy        0.9125   (majority 0.9250)
    balanced acc    0.1973
    macro F1        0.1908
    macro AUC       0.2535

  top features:
    0.0128  mel_63_std
    0.0128  mel_62_std
    0.0118  mel_61_std
    0.0114  mel_60_std
    0.0101  mel_59_std
    0.0099  mel_58_std
    0.0098  mfcc_15_skew
    0.0090  mel_57_std
    0.0085  mel_0_mean
    0.0080  mel_4_std
    0.0078  rms_std
    0.0076  mel_1_mean
  -> reason_forest_deployable.json  7.6 MB  500 trees, 169606 nodes

done in 23s
