Collecting tensorflow==2.20.0
  Downloading tensorflow-2.20.0-cp311-cp311-macosx_12_0_arm64.whl.metadata (4.5 kB)
Collecting tensorflow-hub
  Downloading tensorflow_hub-0.16.1-py2.py3-none-any.whl.metadata (1.3 kB)
Collecting librosa
  Downloading librosa-0.11.0-py3-none-any.whl.metadata (8.7 kB)
Collecting soundfile
  Downloading soundfile-0.14.0-py2.py3-none-macosx_11_0_arm64.whl.metadata (18 kB)
Collecting scikit-learn
  Using cached scikit_learn-1.9.0-cp311-cp311-macosx_12_0_arm64.whl.metadata (11 kB)
Collecting pandas
  Downloading pandas-3.0.5-cp311-cp311-macosx_11_0_arm64.whl.metadata (79 kB)
Collecting matplotlib
  Downloading matplotlib-3.11.1-cp311-cp311-macosx_11_0_arm64.whl.metadata (80 kB)
Collecting openpyxl
  Using cached openpyxl-3.1.5-py2.py3-none-any.whl.metadata (2.5 kB)
Collecting tqdm
  Downloading tqdm-4.70.0-py3-none-any.whl.metadata (57 kB)
Collecting absl-py>=1.0.0 (from tensorflow==2.20.0)
  Downloading absl_py-2.5.0-py3-none-any.whl.metadata (3.3 kB)
Collecting astunparse>=1.6.0 (from tensorflow==2.20.0)
  Downloading astunparse-1.6.3-py2.py3-none-any.whl.metadata (4.4 kB)
Collecting flatbuffers>=24.3.25 (from tensorflow==2.20.0)
  Downloading flatbuffers-25.12.19-py2.py3-none-any.whl.metadata (1.0 kB)
Collecting gast!=0.5.0,!=0.5.1,!=0.5.2,>=0.2.1 (from tensorflow==2.20.0)
  Downloading gast-0.7.0-py3-none-any.whl.metadata (1.5 kB)
Collecting google_pasta>=0.1.1 (from tensorflow==2.20.0)
  Downloading google_pasta-0.2.0-py3-none-any.whl.metadata (814 bytes)
Collecting libclang>=13.0.0 (from tensorflow==2.20.0)
  Downloading libclang-18.1.1-1-py2.py3-none-macosx_11_0_arm64.whl.metadata (5.2 kB)
Collecting opt_einsum>=2.3.2 (from tensorflow==2.20.0)
  Downloading opt_einsum-3.4.0-py3-none-any.whl.metadata (6.3 kB)
Requirement already satisfied: packaging in ./.venv/lib/python3.11/site-packages (from tensorflow==2.20.0) (26.3)
Collecting protobuf>=5.28.0 (from tensorflow==2.20.0)
  Downloading protobuf-7.36.1-cp310-abi3-macosx_10_9_universal2.whl.metadata (595 bytes)
Collecting requests<3,>=2.21.0 (from tensorflow==2.20.0)
  Downloading requests-2.34.2-py3-none-any.whl.metadata (4.8 kB)
Requirement already satisfied: setuptools in ./.venv/lib/python3.11/site-packages (from tensorflow==2.20.0) (84.0.0)
Collecting six>=1.12.0 (from tensorflow==2.20.0)
  Using cached six-1.17.0-py2.py3-none-any.whl.metadata (1.7 kB)
Collecting termcolor>=1.1.0 (from tensorflow==2.20.0)
  Downloading termcolor-3.3.0-py3-none-any.whl.metadata (6.5 kB)
Collecting typing_extensions>=3.6.6 (from tensorflow==2.20.0)
  Using cached typing_extensions-4.16.0-py3-none-any.whl.metadata (3.3 kB)
Collecting wrapt>=1.11.0 (from tensorflow==2.20.0)
  Downloading wrapt-2.4.0-cp311-cp311-macosx_11_0_arm64.whl.metadata (7.4 kB)
Collecting grpcio<2.0,>=1.24.3 (from tensorflow==2.20.0)
  Downloading grpcio-1.83.1-cp311-cp311-macosx_11_0_universal2.whl.metadata (3.7 kB)
Collecting tensorboard~=2.20.0 (from tensorflow==2.20.0)
  Downloading tensorboard-2.20.0-py3-none-any.whl.metadata (1.8 kB)
Collecting keras>=3.10.0 (from tensorflow==2.20.0)
  Downloading keras-3.15.1-py3-none-any.whl.metadata (6.4 kB)
Collecting numpy>=1.26.0 (from tensorflow==2.20.0)
  Using cached numpy-2.4.6-cp311-cp311-macosx_14_0_arm64.whl.metadata (6.6 kB)
Collecting h5py>=3.11.0 (from tensorflow==2.20.0)
  Downloading h5py-3.16.0-cp311-cp311-macosx_11_0_arm64.whl.metadata (3.0 kB)
Collecting ml_dtypes<1.0.0,>=0.5.1 (from tensorflow==2.20.0)
  Downloading ml_dtypes-0.6.0-cp311-cp311-macosx_10_9_universal2.whl.metadata (8.8 kB)
Collecting charset_normalizer<4,>=2 (from requests<3,>=2.21.0->tensorflow==2.20.0)
  Downloading charset_normalizer-3.5.1-cp311-cp311-macosx_10_9_universal2.whl.metadata (45 kB)
Collecting idna<4,>=2.5 (from requests<3,>=2.21.0->tensorflow==2.20.0)
  Using cached idna-3.19-py3-none-any.whl.metadata (9.2 kB)
Collecting urllib3<3,>=1.26 (from requests<3,>=2.21.0->tensorflow==2.20.0)
  Downloading urllib3-2.7.0-py3-none-any.whl.metadata (6.9 kB)
Collecting certifi>=2023.5.7 (from requests<3,>=2.21.0->tensorflow==2.20.0)
  Using cached certifi-2026.7.22-py3-none-any.whl.metadata (2.5 kB)
Collecting markdown>=2.6.8 (from tensorboard~=2.20.0->tensorflow==2.20.0)
  Downloading markdown-3.10.3-py3-none-any.whl.metadata (5.1 kB)
Collecting pillow (from tensorboard~=2.20.0->tensorflow==2.20.0)
  Downloading pillow-12.3.0-cp311-cp311-macosx_11_0_arm64.whl.metadata (9.1 kB)
Collecting tensorboard-data-server<0.8.0,>=0.7.0 (from tensorboard~=2.20.0->tensorflow==2.20.0)
  Downloading tensorboard_data_server-0.7.2-py3-none-any.whl.metadata (1.1 kB)
Collecting werkzeug>=1.0.1 (from tensorboard~=2.20.0->tensorflow==2.20.0)
  Downloading werkzeug-3.1.8-py3-none-any.whl.metadata (4.0 kB)
Collecting tf-keras>=2.14.1 (from tensorflow-hub)
  Downloading tf_keras-2.21.0-py3-none-any.whl.metadata (1.8 kB)
Collecting audioread>=2.1.9 (from librosa)
  Downloading audioread-3.1.0-py3-none-any.whl.metadata (9.0 kB)
Collecting numba>=0.51.0 (from librosa)
  Downloading numba-0.67.0-cp311-cp311-macosx_12_0_arm64.whl.metadata (2.7 kB)
Collecting scipy>=1.6.0 (from librosa)
  Using cached scipy-1.17.1-cp311-cp311-macosx_14_0_arm64.whl.metadata (62 kB)
Collecting joblib>=1.0 (from librosa)
  Using cached joblib-1.6.0-py3-none-any.whl.metadata (6.5 kB)
Collecting decorator>=4.3.0 (from librosa)
  Downloading decorator-5.3.1-py3-none-any.whl.metadata (3.9 kB)
Collecting pooch>=1.1 (from librosa)
  Downloading pooch-1.9.0-py3-none-any.whl.metadata (10 kB)
Collecting soxr>=0.3.2 (from librosa)
  Downloading soxr-1.1.0-cp311-cp311-macosx_11_0_arm64.whl.metadata (5.8 kB)
Collecting lazy_loader>=0.1 (from librosa)
  Downloading lazy_loader-0.5-py3-none-any.whl.metadata (5.9 kB)
Collecting msgpack>=1.0 (from librosa)
  Downloading msgpack-1.2.2-cp311-cp311-macosx_11_0_arm64.whl.metadata (8.3 kB)
Collecting cffi>=1.0 (from soundfile)
  Downloading cffi-2.1.1-cp311-cp311-macosx_11_0_arm64.whl.metadata (2.5 kB)
Collecting narwhals>=2.0.1 (from scikit-learn)
  Using cached narwhals-2.25.0-py3-none-any.whl.metadata (15 kB)
Collecting threadpoolctl>=3.5.0 (from scikit-learn)
  Using cached threadpoolctl-3.6.0-py3-none-any.whl.metadata (13 kB)
Collecting python-dateutil>=2.8.2 (from pandas)
  Using cached python_dateutil-2.9.0.post0-py2.py3-none-any.whl.metadata (8.4 kB)
Collecting contourpy>=1.0.1 (from matplotlib)
  Using cached contourpy-1.3.3-cp311-cp311-macosx_11_0_arm64.whl.metadata (5.5 kB)
Collecting cycler>=0.10 (from matplotlib)
  Using cached cycler-0.12.1-py3-none-any.whl.metadata (3.8 kB)
Collecting fonttools>=4.28.2 (from matplotlib)
  Downloading fonttools-4.64.0-cp311-cp311-macosx_10_9_universal2.whl.metadata (123 kB)
Collecting kiwisolver>=1.3.1 (from matplotlib)
  Downloading kiwisolver-1.5.1-cp311-cp311-macosx_11_0_arm64.whl.metadata (5.2 kB)
Collecting pyparsing>=3 (from matplotlib)
  Using cached pyparsing-3.3.2-py3-none-any.whl.metadata (5.8 kB)
Collecting et-xmlfile (from openpyxl)
  Using cached et_xmlfile-2.0.0-py3-none-any.whl.metadata (2.7 kB)
Requirement already satisfied: wheel<1.0,>=0.23.0 in ./.venv/lib/python3.11/site-packages (from astunparse>=1.6.0->tensorflow==2.20.0) (0.48.0)
Collecting pycparser (from cffi>=1.0->soundfile)
  Using cached pycparser-3.0-py3-none-any.whl.metadata (8.2 kB)
Collecting cloudpickle>=3.0 (from joblib>=1.0->librosa)
  Using cached cloudpickle-3.1.2-py3-none-any.whl.metadata (7.1 kB)
Collecting rich (from keras>=3.10.0->tensorflow==2.20.0)
  Downloading rich-15.0.0-py3-none-any.whl.metadata (18 kB)
Collecting namex (from keras>=3.10.0->tensorflow==2.20.0)
  Downloading namex-0.1.0-py3-none-any.whl.metadata (322 bytes)
Collecting optree (from keras>=3.10.0->tensorflow==2.20.0)
  Downloading optree-0.20.0-cp311-cp311-macosx_11_0_arm64.whl.metadata (32 kB)
Collecting llvmlite<0.50,>=0.49.0dev0 (from numba>=0.51.0->librosa)
  Downloading llvmlite-0.49.0-cp311-cp311-macosx_12_0_arm64.whl.metadata (5.0 kB)
Collecting platformdirs>=2.5.0 (from pooch>=1.1->librosa)
  Downloading platformdirs-4.11.7-py3-none-any.whl.metadata (5.5 kB)
INFO: pip is looking at multiple versions of tf-keras to determine which version is compatible with other requirements. This could take a while.
Collecting tf-keras>=2.14.1 (from tensorflow-hub)
  Downloading tf_keras-2.20.1-py3-none-any.whl.metadata (1.8 kB)
Collecting markupsafe>=2.1.1 (from werkzeug>=1.0.1->tensorboard~=2.20.0->tensorflow==2.20.0)
  Downloading markupsafe-3.0.3-cp311-cp311-macosx_11_0_arm64.whl.metadata (2.7 kB)
Collecting markdown-it-py>=2.2.0 (from rich->keras>=3.10.0->tensorflow==2.20.0)
  Downloading markdown_it_py-4.2.0-py3-none-any.whl.metadata (7.4 kB)
Collecting pygments<3.0.0,>=2.13.0 (from rich->keras>=3.10.0->tensorflow==2.20.0)
  Using cached pygments-2.21.0-py3-none-any.whl.metadata (2.5 kB)
Collecting mdurl~=0.1 (from markdown-it-py>=2.2.0->rich->keras>=3.10.0->tensorflow==2.20.0)
  Downloading mdurl-0.1.2-py3-none-any.whl.metadata (1.6 kB)
Downloading tensorflow-2.20.0-cp311-cp311-macosx_12_0_arm64.whl (200.5 MB)
   ━━━━━━━━━━━━━━━━━━━━━━━━━━━━━━━━━━━━━━━━ 200.5/200.5 MB 4.2 MB/s  0:00:50
Downloading grpcio-1.83.1-cp311-cp311-macosx_11_0_universal2.whl (12.2 MB)
   ━━━━━━━━━━━━━━━━━━━━━━━━━━━━━━━━━━━━━━━━ 12.2/12.2 MB 3.7 MB/s  0:00:03
Downloading ml_dtypes-0.6.0-cp311-cp311-macosx_10_9_universal2.whl (566 kB)
   ━━━━━━━━━━━━━━━━━━━━━━━━━━━━━━━━━━━━━━━━ 566.8/566.8 kB 3.5 MB/s  0:00:00
Downloading requests-2.34.2-py3-none-any.whl (73 kB)
Downloading charset_normalizer-3.5.1-cp311-cp311-macosx_10_9_universal2.whl (363 kB)
Using cached idna-3.19-py3-none-any.whl (68 kB)
Downloading tensorboard-2.20.0-py3-none-any.whl (5.5 MB)
   ━━━━━━━━━━━━━━━━━━━━━━━━━━━━━━━━━━━━━━━━ 5.5/5.5 MB 2.6 MB/s  0:00:02
Downloading tensorboard_data_server-0.7.2-py3-none-any.whl (2.4 kB)
Using cached typing_extensions-4.16.0-py3-none-any.whl (45 kB)
Downloading urllib3-2.7.0-py3-none-any.whl (131 kB)
Downloading tensorflow_hub-0.16.1-py2.py3-none-any.whl (30 kB)
Downloading librosa-0.11.0-py3-none-any.whl (260 kB)
Downloading soundfile-0.14.0-py2.py3-none-macosx_11_0_arm64.whl (1.1 MB)
   ━━━━━━━━━━━━━━━━━━━━━━━━━━━━━━━━━━━━━━━━ 1.1/1.1 MB 2.5 MB/s  0:00:00
Using cached scikit_learn-1.9.0-cp311-cp311-macosx_12_0_arm64.whl (8.3 MB)
Downloading pandas-3.0.5-cp311-cp311-macosx_11_0_arm64.whl (10.0 MB)
   ━━━━━━━━━━━━━━━━━━━━━━━━━━━━━━━━━━━━━━━━ 10.0/10.0 MB 3.2 MB/s  0:00:03
Downloading matplotlib-3.11.1-cp311-cp311-macosx_11_0_arm64.whl (9.3 MB)
   ━━━━━━━━━━━━━━━━━━━━━━━━━━━━━━━━━━━━━━━━ 9.3/9.3 MB 2.9 MB/s  0:00:03
Using cached openpyxl-3.1.5-py2.py3-none-any.whl (250 kB)
Downloading tqdm-4.70.0-py3-none-any.whl (80 kB)
Downloading absl_py-2.5.0-py3-none-any.whl (137 kB)
Downloading astunparse-1.6.3-py2.py3-none-any.whl (12 kB)
Using cached six-1.17.0-py2.py3-none-any.whl (11 kB)
Downloading audioread-3.1.0-py3-none-any.whl (23 kB)
Using cached certifi-2026.7.22-py3-none-any.whl (136 kB)
Downloading cffi-2.1.1-cp311-cp311-macosx_11_0_arm64.whl (184 kB)
Using cached contourpy-1.3.3-cp311-cp311-macosx_11_0_arm64.whl (270 kB)
Using cached cycler-0.12.1-py3-none-any.whl (8.3 kB)
Downloading decorator-5.3.1-py3-none-any.whl (10 kB)
Downloading flatbuffers-25.12.19-py2.py3-none-any.whl (26 kB)
Downloading fonttools-4.64.0-cp311-cp311-macosx_10_9_universal2.whl (3.1 MB)
   ━━━━━━━━━━━━━━━━━━━━━━━━━━━━━━━━━━━━━━━━ 3.1/3.1 MB 2.2 MB/s  0:00:01
Downloading gast-0.7.0-py3-none-any.whl (22 kB)
Downloading google_pasta-0.2.0-py3-none-any.whl (57 kB)
Downloading h5py-3.16.0-cp311-cp311-macosx_11_0_arm64.whl (3.1 MB)
   ━━━━━━━━━━━━━━━━━━━━━━━━━━━━━━━━━━━━━━━━ 3.1/3.1 MB 2.8 MB/s  0:00:01
Using cached joblib-1.6.0-py3-none-any.whl (306 kB)
Using cached cloudpickle-3.1.2-py3-none-any.whl (22 kB)
Downloading keras-3.15.1-py3-none-any.whl (2.4 MB)
   ━━━━━━━━━━━━━━━━━━━━━━━━━━━━━━━━━━━━━━━━ 2.4/2.4 MB 2.2 MB/s  0:00:01
Downloading kiwisolver-1.5.1-cp311-cp311-macosx_11_0_arm64.whl (64 kB)
Downloading lazy_loader-0.5-py3-none-any.whl (8.0 kB)
Downloading libclang-18.1.1-1-py2.py3-none-macosx_11_0_arm64.whl (25.8 MB)
   ━━━━━━━━━━━━━━━━━━━━━━━━━━━━━━━━━━━━━━━━ 25.8/25.8 MB 2.7 MB/s  0:00:09
Downloading markdown-3.10.3-py3-none-any.whl (110 kB)
Downloading msgpack-1.2.2-cp311-cp311-macosx_11_0_arm64.whl (83 kB)
Using cached narwhals-2.25.0-py3-none-any.whl (467 kB)
Downloading numba-0.67.0-cp311-cp311-macosx_12_0_arm64.whl (2.7 MB)
   ━━━━━━━━━━━━━━━━━━━━━━━━━━━━━━━━━━━━━━━━ 2.7/2.7 MB 3.5 MB/s  0:00:00
Downloading llvmlite-0.49.0-cp311-cp311-macosx_12_0_arm64.whl (40.5 MB)
   ━━━━━━━━━━━━━━━━━━━━━━━━━━━━━━━━━━━━━━━━ 40.5/40.5 MB 3.1 MB/s  0:00:12
Using cached numpy-2.4.6-cp311-cp311-macosx_14_0_arm64.whl (5.5 MB)
Downloading opt_einsum-3.4.0-py3-none-any.whl (71 kB)
Downloading pillow-12.3.0-cp311-cp311-macosx_11_0_arm64.whl (4.8 MB)
   ━━━━━━━━━━━━━━━━━━━━━━━━━━━━━━━━━━━━━━━━ 4.8/4.8 MB 3.8 MB/s  0:00:01
Downloading pooch-1.9.0-py3-none-any.whl (67 kB)
Downloading platformdirs-4.11.7-py3-none-any.whl (23 kB)
Downloading protobuf-7.36.1-cp310-abi3-macosx_10_9_universal2.whl (456 kB)
Using cached pyparsing-3.3.2-py3-none-any.whl (122 kB)
Using cached python_dateutil-2.9.0.post0-py2.py3-none-any.whl (229 kB)
Using cached scipy-1.17.1-cp311-cp311-macosx_14_0_arm64.whl (20.3 MB)
Downloading soxr-1.1.0-cp311-cp311-macosx_11_0_arm64.whl (167 kB)
Downloading termcolor-3.3.0-py3-none-any.whl (7.7 kB)
Downloading tf_keras-2.20.1-py3-none-any.whl (1.7 MB)
   ━━━━━━━━━━━━━━━━━━━━━━━━━━━━━━━━━━━━━━━━ 1.7/1.7 MB 3.6 MB/s  0:00:00
Using cached threadpoolctl-3.6.0-py3-none-any.whl (18 kB)
Downloading werkzeug-3.1.8-py3-none-any.whl (226 kB)
Downloading markupsafe-3.0.3-cp311-cp311-macosx_11_0_arm64.whl (12 kB)
Downloading wrapt-2.4.0-cp311-cp311-macosx_11_0_arm64.whl (95 kB)
Using cached et_xmlfile-2.0.0-py3-none-any.whl (18 kB)
Downloading namex-0.1.0-py3-none-any.whl (5.9 kB)
Downloading optree-0.20.0-cp311-cp311-macosx_11_0_arm64.whl (408 kB)
Using cached pycparser-3.0-py3-none-any.whl (48 kB)
Downloading rich-15.0.0-py3-none-any.whl (310 kB)
Using cached pygments-2.21.0-py3-none-any.whl (1.3 MB)
Downloading markdown_it_py-4.2.0-py3-none-any.whl (91 kB)
Downloading mdurl-0.1.2-py3-none-any.whl (10.0 kB)
Installing collected packages: namex, libclang, flatbuffers, wrapt, urllib3, typing_extensions, tqdm, threadpoolctl, termcolor, tensorboard-data-server, six, pyparsing, pygments, pycparser, protobuf, platformdirs, pillow, opt_einsum, numpy, narwhals, msgpack, mdurl, markupsafe, markdown, llvmlite, lazy_loader, kiwisolver, idna, gast, fonttools, et-xmlfile, decorator, cycler, cloudpickle, charset_normalizer, certifi, audioread, absl-py, werkzeug, soxr, scipy, requests, python-dateutil, optree, openpyxl, numba, ml_dtypes, markdown-it-py, joblib, h5py, grpcio, google_pasta, contourpy, cffi, astunparse, tensorboard, soundfile, scikit-learn, rich, pooch, pandas, matplotlib, librosa, keras, tensorflow, tf-keras, tensorflow-hub

Successfully installed absl-py-2.5.0 astunparse-1.6.3 audioread-3.1.0 certifi-2026.7.22 cffi-2.1.1 charset_normalizer-3.5.1 cloudpickle-3.1.2 contourpy-1.3.3 cycler-0.12.1 decorator-5.3.1 et-xmlfile-2.0.0 flatbuffers-25.12.19 fonttools-4.64.0 gast-0.7.0 google_pasta-0.2.0 grpcio-1.83.1 h5py-3.16.0 idna-3.19 joblib-1.6.0 keras-3.15.1 kiwisolver-1.5.1 lazy_loader-0.5 libclang-18.1.1 librosa-0.11.0 llvmlite-0.49.0 markdown-3.10.3 markdown-it-py-4.2.0 markupsafe-3.0.3 matplotlib-3.11.1 mdurl-0.1.2 ml_dtypes-0.6.0 msgpack-1.2.2 namex-0.1.0 narwhals-2.25.0 numba-0.67.0 numpy-2.4.6 openpyxl-3.1.5 opt_einsum-3.4.0 optree-0.20.0 pandas-3.0.5 pillow-12.3.0 platformdirs-4.11.7 pooch-1.9.0 protobuf-7.36.1 pycparser-3.0 pygments-2.21.0 pyparsing-3.3.2 python-dateutil-2.9.0.post0 requests-2.34.2 rich-15.0.0 scikit-learn-1.9.0 scipy-1.17.1 six-1.17.0 soundfile-0.14.0 soxr-1.1.0 tensorboard-2.20.0 tensorboard-data-server-0.7.2 tensorflow-2.20.0 tensorflow-hub-0.16.1 termcolor-3.3.0 tf-keras-2.20.1 threadpoolctl-3.6.0 tqdm-4.70.0 typing_extensions-4.16.0 urllib3-2.7.0 werkzeug-3.1.8 wrapt-2.4.0
